C:\Users\24155087\Documents\tarde>git clone https://github.com/loloysa/vestionamento
Cloning into 'vestionamento'...
remote: Enumerating objects: 3, done.
remote: Counting objects: 100% (3/3), done.
remote: Compressing objects: 100% (3/3), done.
remote: Total 3 (delta 0), reused 3 (delta 0), pack-reused 0
Receiving objects: 100% (3/3), 88.93 KiB | 29.64 MiB/s, done.

novo:
C:\Users\24155087\Documents\tarde\vestionamento>git status
On branch main
Your branch is up to date with 'origin/main'.

Untracked files:
  (use "git add <file>..." to include in what will be committed)
        documento da tarde.txt

nothing added to commit but untracked files present (use "git add" to track)

C:\Users\24155087\Documents\tarde\vestionamento>git add .

C:\Users\24155087\Documents\tarde\vestionamento>git status
On branch main
Your branch is up to date with 'origin/main'.

Changes to be committed:
  (use "git restore --staged <file>..." to unstage)
        new file:   documento da tarde.txt
